// Jest Snapshot v1, https://goo.gl/fbAQLP

exports[`App renders correctly 1`] = `
<main
  data-theme="default"
>
  <div
    className="container container--full-width"
  >
    <div
      className="nav"
    />
  </div>
  Hello, world!
</main>
`;
